---
source: packages/qwik/src/optimizer/core/src/test.rs
expression: output
---
==INPUT==


import { component$, useServerMount$, serverLoader$, serverStuff$, useStore, useTask$ } from '@builder.io/qwik';
import mongo from 'mongodb';
import redis from 'redis';
import { handler } from 'serverless';

export const Parent = component$(() => {
    const state = useStore({
        text: ''
    });

    // Double count watch
    useServerMount$(async () => {
        state.text = await mongo.users();
        redis.set(state.text);
    });

    serverStuff$(async () => {
        // should be removed too
    })

    serverLoader$(handler);

    useTask$(() => {
        // Code
    });

    return (
        <div onClick$={() => console.log('parent')}>
            {state.text}
        </div>
    );
});

============================= parent_component_usetask_gdh1etuwqbu.js (ENTRY POINT)==

export const Parent_component_useTask_gDH1EtUWqBU = ()=>{
// Code
};
export { _hW } from "@builder.io/qwik";


Some("{\"version\":3,\"sources\":[\"/user/qwik/src/test.tsx\"],\"names\":[],\"mappings\":\"oDAuBa,IAAM;AACX,OAAO;AACX\"}")
/*
{
  "origin": "test.tsx",
  "name": "Parent_component_useTask_gDH1EtUWqBU",
  "entry": null,
  "displayName": "Parent_component_useTask",
  "hash": "gDH1EtUWqBU",
  "canonicalFilename": "parent_component_usetask_gdh1etuwqbu",
  "extension": "js",
  "parent": "Parent_component_0TaiDayHrlo",
  "ctxKind": "function",
  "ctxName": "useTask$",
  "captures": false,
  "loc": [
    562,
    591
  ]
}
*/
============================= test.js ==

import { componentQrl } from "@builder.io/qwik";
import { qrl } from "@builder.io/qwik";
export const Parent = /*#__PURE__*/ componentQrl(qrl(()=>import("./parent_component_0taidayhrlo"), "Parent_component_0TaiDayHrlo"));


Some("{\"version\":3,\"sources\":[\"/user/qwik/src/test.tsx\"],\"names\":[],\"mappings\":\"AACA;;AAKA,OAAO,MAAM,uBAAS,gGA0BnB\"}")
============================= parent_component_0taidayhrlo.js (ENTRY POINT)==

import { jsx as _jsx } from "@builder.io/qwik/jsx-runtime";
import { _noopQrl } from "@builder.io/qwik";
import { _wrapSignal } from "@builder.io/qwik";
import { qrl } from "@builder.io/qwik";
import { serverLoaderQrl } from "@builder.io/qwik";
import { serverStuffQrl } from "@builder.io/qwik";
import { useServerMountQrl } from "@builder.io/qwik";
import { useStore } from "@builder.io/qwik";
import { useTaskQrl } from "@builder.io/qwik";
export const Parent_component_0TaiDayHrlo = ()=>{
    const state = useStore({
        text: ''
    });
    // Double count watch
    useServerMountQrl(_noopQrl("Parent_component_useServerMount_cQrQm0HrrM8", [
        state
    ]));
    serverStuffQrl(_noopQrl("Parent_component_serverStuff_r1qAHX7Opp0"));
    serverLoaderQrl(_noopQrl("Parent_component_serverLoader_k1L0DiPQV1I"));
    useTaskQrl(qrl(()=>import("./parent_component_usetask_gdh1etuwqbu"), "Parent_component_useTask_gDH1EtUWqBU"));
    return /*#__PURE__*/ _jsx("div", {
        onClick$: qrl(()=>import("./parent_component_div_onclick_c5xe49nqd3a"), "Parent_component_div_onClick_C5XE49Nqd3A"),
        children: _wrapSignal(state, "text")
    }, "u6_0");
};


Some("{\"version\":3,\"sources\":[\"/user/qwik/src/test.tsx\"],\"names\":[],\"mappings\":\";;;;;;;;;4CAMiC,IAAM;IACnC,MAAM,QAAQ,SAAS;QACnB,MAAM;IACV;IAEA,qBAAqB;IACrB;;;IAKA;IAIA;IAEA;IAIA,qBACI,KAAC;QAAI,QAAQ;8BACR;;AAGb\"}")
/*
{
  "origin": "test.tsx",
  "name": "Parent_component_0TaiDayHrlo",
  "entry": null,
  "displayName": "Parent_component",
  "hash": "0TaiDayHrlo",
  "canonicalFilename": "parent_component_0taidayhrlo",
  "extension": "js",
  "parent": null,
  "ctxKind": "function",
  "ctxName": "component$",
  "captures": false,
  "loc": [
    243,
    709
  ]
}
*/
============================= parent_component_div_onclick_c5xe49nqd3a.js (ENTRY POINT)==

export const Parent_component_div_onClick_C5XE49Nqd3A = ()=>console.log('parent');


Some("{\"version\":3,\"sources\":[\"/user/qwik/src/test.tsx\"],\"names\":[],\"mappings\":\"wDA4BuB,IAAM,QAAQ,GAAG,CAAC\"}")
/*
{
  "origin": "test.tsx",
  "name": "Parent_component_div_onClick_C5XE49Nqd3A",
  "entry": null,
  "displayName": "Parent_component_div_onClick",
  "hash": "C5XE49Nqd3A",
  "canonicalFilename": "parent_component_div_onclick_c5xe49nqd3a",
  "extension": "js",
  "parent": "Parent_component_0TaiDayHrlo",
  "ctxKind": "event",
  "ctxName": "onClick$",
  "captures": false,
  "loc": [
    631,
    658
  ]
}
*/
== DIAGNOSTICS ==

[]
