---
source: packages/qwik/src/optimizer/core/src/test.rs
expression: output
---
==INPUT==


import { $, component$, useTask$ } from '@builder.io/qwik';
import { CONST } from 'const';
export const Works = component$(({
    count,
    some = 1+2,
    hello = CONST,
    stuff: hey,
    ...rest}) => {
    console.log(hey, some);
    useTask$(({track}) => {
        track(() => count);
        console.log(count, rest, hey, some);
    });
    return (
        <div some={some} params={{ some }} class={count} {...rest}>{count}</div>
    );
});

export const NoWorks2 = component$(({count, stuff: {hey}}) => {
    console.log(hey);
    useTask$(({track}) => {
        track(() => count);
        console.log(count);
    });
    return (
        <div class={count}>{count}</div>
    );
});

export const NoWorks3 = component$(({count, stuff = hola()}) => {
    console.log(stuff);
    useTask$(({track}) => {
        track(() => count);
        console.log(count);
    });
    return (
        <div class={count}>{count}</div>
    );
});

============================= test.js ==

import { _restProps } from "@builder.io/qwik";
import { componentQrl } from "@builder.io/qwik";
import { useTaskQrl } from "@builder.io/qwik";
import { useLexicalScope } from "@builder.io/qwik";
import { inlinedQrl } from "@builder.io/qwik";
import { _wrapSignal } from "@builder.io/qwik";
import { _IMMUTABLE } from "@builder.io/qwik";
import { jsx as _jsx } from "@builder.io/qwik/jsx-runtime";
export const Works = /*#__PURE__*/ componentQrl(inlinedQrl((props)=>{
    const rest = _restProps(props, [
        "count",
        "some",
        "hello",
        "stuff"
    ]);
    console.log(props.stuff, props.some ?? 3);
    useTaskQrl(inlinedQrl(({ track  })=>{
        const [props, rest] = useLexicalScope();
        track(()=>props.count);
        console.log(props.count, rest, props.stuff, props.some ?? 3);
    }, "Works_component_useTask_pjo5U5Ikll0", [
        props,
        rest
    ]));
    return /*#__PURE__*/ _jsx("div", {
        some: props.some ?? 3,
        params: {
            some: props.some ?? 3
        },
        get class () {
            return props.count;
        },
        ...rest,
        children: _wrapSignal(props, "count"),
        [_IMMUTABLE]: {
            class: _wrapSignal(props, "count")
        }
    }, "u6_0");
}, "Works_component_t45qL4vNGv0"));
export const NoWorks2 = /*#__PURE__*/ componentQrl(inlinedQrl(({ count , stuff: { hey  }  })=>{
    console.log(hey);
    useTaskQrl(inlinedQrl(({ track  })=>{
        const [count] = useLexicalScope();
        track(()=>count);
        console.log(count);
    }, "NoWorks2_component_useTask_lXiqwbxxjq0", [
        count
    ]));
    return /*#__PURE__*/ _jsx("div", {
        class: count,
        children: count
    }, "u6_1");
}, "NoWorks2_component_JPD9t2HyEKg"));
export const NoWorks3 = /*#__PURE__*/ componentQrl(inlinedQrl(({ count , stuff =hola()  })=>{
    console.log(stuff);
    useTaskQrl(inlinedQrl(({ track  })=>{
        const [count] = useLexicalScope();
        track(()=>count);
        console.log(count);
    }, "NoWorks3_component_useTask_3cQGU0s1VwU", [
        count
    ]));
    return /*#__PURE__*/ _jsx("div", {
        class: count,
        children: count
    }, "u6_2");
}, "NoWorks3_component_fc13h5yYn14"));


Some("{\"version\":3,\"sources\":[\"/user/qwik/src/test.tsx\"],\"names\":[],\"mappings\":\"AACA;;;;;;;;AAEA,OAAO,MAAM,sBAAQ,wBAAW,SAKf;;;;;;;IACb,QAAQ,GAAG,OAFX,aAFA,QAAO;IAKP,sBAAS,CAAC,EAAC,MAAK,EAAC;;QACb,MAAM,UAPV;QAQI,QAAQ,GAAG,OARf,OAQuB,YALvB,aAFA,QAAO;;;;;IASP,qBACI,KAAC;QAAI,IAAI,QAVb,QAAO;QAUc,QAAQ;YAAE,IAAI,QAVnC,QAAO;QAU6B;YAAG;yBAXvC;;QAWsD,GAAG,IAAI;;;YAAtB,KAAK;;;AAEhD,mCAAG;AAEH,OAAO,MAAM,yBAAW,wBAAW,CAAC,EAAC,MAAK,EAAE,OAAO,EAAC,IAAG,EAAC,CAAA,EAAC,GAAK;IAC1D,QAAQ,GAAG,CAAC;IACZ,sBAAS,CAAC,EAAC,MAAK,EAAC;;QACb,MAAM,IAAM;QACZ,QAAQ,GAAG,CAAC;;;;IAEhB,qBACI,KAAC;QAAI,OAAO;kBAAQ;;AAE5B,sCAAG;AAEH,OAAO,MAAM,yBAAW,wBAAW,CAAC,EAAC,MAAK,EAAE,OAAQ,OAAM,EAAC,GAAK;IAC5D,QAAQ,GAAG,CAAC;IACZ,sBAAS,CAAC,EAAC,MAAK,EAAC;;QACb,MAAM,IAAM;QACZ,QAAQ,GAAG,CAAC;;;;IAEhB,qBACI,KAAC;QAAI,OAAO;kBAAQ;;AAE5B,sCAAG\"}")
== DIAGNOSTICS ==

[]
